
> nodebase@0.1.0 build C:\Users\┘à╪ص┘à╪» ╪│┘╪╖╪د┘\nodebase
> next build

ظû▓ Next.js 16.1.1 (Turbopack)
- Environments: .env

  Creating an optimized production build ...
ظ£ô Compiled successfully in 6.1min
  Running TypeScript ...
node.exe : Failed to 
compile.
At C:\Users\محمد سلطان
\AppData\Roaming\npm\p
npm.ps1:24 char:5
+     & "node$exe"  "$
basedir/node_modules/p
npm/bin/pnpm.cjs" 
$args
+     ~~~~~~~~~~~~~~~~
~~~~~~~~~~~~~~~~~~~~~~
~~~~~~~~~~~~~~~~~~~~~~
~
    + CategoryInfo    
          : 
NotSpecified: (Fai    
led to 
compile.:String    ) 
[], RemoteException
    + 
FullyQualifiedErrorI  
  d : 
NativeCommandError
 

./http_dialog_full.tsx
:33:24
Type error: Cannot 
find module '../../../
../components/ui/butto
n' or its 
corresponding type 
declarations.

[0m [90m 31 |[39m 
[36mimport[39m { 
useForm } 
[36mfrom[39m [32m"r
eact-hook-form"[39m[
33m;[39m
 [90m 32 |[39m 
[36mimport[39m { 
useEffect } 
[36mfrom[39m [32m"r
eact"[39m[33m;[39m
[31m[1m>[22m[39m[
90m 33 |[39m 
[36mimport[39m { 
[33mButton[39m } 
[36mfrom[39m [32m".
./../../../components/
ui/button"[39m[33m;
[39m
 [90m    |[39m      
                  
[31m[1m^[22m[39m
 [90m 34 |[39m 
[90m// Form schema 
for HTTP Request 
dialog[39m
 [90m 35 |[39m 
[36mconst[39m 
formSchema 
[33m=[39m 
z[33m.[39mobject({
 [90m 36 |[39m     
endpoint[33m:[39m 
z[33m.[39murl({ 
message[33m:[39m 
[32m"Please enter a 
valid URL"[39m 
})[33m,[39m[0m
Next.js build worker 
exited with code: 1 
and signal: null
ظëELIFECYCLEظë Command failed with exit code 1.
