src/features/credentials/server/params.ts(1,24): error TS1109: Expression expected.
src/features/credentials/server/params.ts(1,25): error TS1005: 'from' expected.
