You are designing the authentication/vite.config.ts(2,30): error TS2307: Cannot find module 'vite' or its corresponding type declarations.
You are designing the authentication/vite.config.ts(3,19): error TS2307: Cannot find module '@vitejs/plugin-react' or its corresponding type declarations.
